cargo :    Compiling openwork v0.11.25 (F:\D
esktop\kaifa\openwork\packages\desktop\src-t
auri)
所在位置 行:1 字符: 29
+ ... ACE="full"; cargo build --manifest-pat
h "packages\desktop\src-tauri\C ...
+                 ~~~~~~~~~~~~~~~~~~~~~~~~~~
~~~~~~~~~~~~~~~~~~~~~~~~~~~~~~~
    + CategoryInfo          : NotSpecified: 
    (   Compiling op...ktop\src-tauri):Str  
  ing) [], RemoteException
    + FullyQualifiedErrorId : NativeCommand 
   Error
 
error: failed to run custom build command fo
r `openwork v0.11.25 (F:\Desktop\kaifa\openw
ork\packages\desktop\src-tauri)`
note: To improve backtraces for build depend
encies, set the CARGO_PROFILE_DEV_BUILD_OVER
RIDE_DEBUG=true environment variable to enab
le debug information generation.

Caused by:
  process didn't exit successfully: `F:\Desk
top\kaifa\openwork\packages\desktop\src-taur
i\target\debug\build\openwork-5a483f80ff2b97
06\build-script-build` (exit code: 101)
  --- stdout
  cargo:rerun-if-env-changed=TAURI_CONFIG
  cargo:rustc-check-cfg=cfg(desktop)
  cargo:rustc-cfg=desktop
  cargo:rustc-check-cfg=cfg(mobile)
  cargo:rerun-if-changed=F:\Desktop\kaifa\op
enwork\packages\desktop\src-tauri\tauri.conf
.json
  cargo:rustc-env=TAURI_ANDROID_PACKAGE_NAME
_APP_NAME=openwork
  cargo:rustc-env=TAURI_ANDROID_PACKAGE_NAME
_PREFIX=com_differentai
  cargo:rustc-check-cfg=cfg(dev)
  cargo:rustc-cfg=dev
  cargo:PERMISSION_FILES_PATH=F:\Desktop\kai
fa\openwork\packages\desktop\src-tauri\targe
t\debug\build\openwork-bc3da0103263b64c\out\
app-manifest\__app__-permission-files
  cargo:rerun-if-changed=capabilities
  cargo:rerun-if-env-changed=REMOVE_UNUSED_C
OMMANDS
  cargo:rustc-env=TAURI_ENV_TARGET_TRIPLE=x8
6_64-pc-windows-msvc
  cargo:rerun-if-changed=sidecars\opencode-x
86_64-pc-windows-msvc.exe
  cargo:rerun-if-changed=sidecars\openwork-s
erver-x86_64-pc-windows-msvc.exe
  cargo:rerun-if-changed=sidecars\owpenbot-x
86_64-pc-windows-msvc.exe
  cargo:rerun-if-changed=sidecars\openwrk-x8
6_64-pc-windows-msvc.exe

  --- stderr

  thread 'main' (23828) panicked at C:\Users
\Administrator\.cargo\registry\src\index.cra
tes.io-1949cf8c6b5b557f\tauri-build-2.5.5\sr
c\lib.rs:80:30:
  called `Result::unwrap()` on an `Err` valu
e: Os { code: 5, kind: PermissionDenied, mes
sage: "鎷掔粷璁块棶銆? }
  stack backtrace:
     0:     0x7ff633493032 - std::backtrace_
rs::backtrace::win64::trace
                                 at /rustc/d
ed5c06cf21d2b93bffd5d884aa6e96934ee4234/libr
ary\std\src\..\..\backtrace\src\backtrace\wi
n64.rs:85
     1:     0x7ff633493032 - std::backtrace_
rs::backtrace::trace_unsynchronized
                                 at /rustc/d
ed5c06cf21d2b93bffd5d884aa6e96934ee4234/libr
ary\std\src\..\..\backtrace\src\backtrace\mo
d.rs:66
     2:     0x7ff633493032 - std::sys::backt
race::_print_fmt
                                 at /rustc/d
ed5c06cf21d2b93bffd5d884aa6e96934ee4234/libr
ary\std\src\sys\backtrace.rs:66
     3:     0x7ff633493032 - std::sys::backt
race::impl$0::print::impl$0::fmt
                                 at /rustc/d
ed5c06cf21d2b93bffd5d884aa6e96934ee4234/libr
ary\std\src\sys\backtrace.rs:39
     4:     0x7ff63349e0fa - core::fmt::rt::
Argument::fmt
                                 at /rustc/d
ed5c06cf21d2b93bffd5d884aa6e96934ee4234/libr
ary\core\src\fmt\rt.rs:173
     5:     0x7ff63349e0fa - core::fmt::writ
e
                                 at /rustc/d
ed5c06cf21d2b93bffd5d884aa6e96934ee4234/libr
ary\core\src\fmt\mod.rs:1469
     6:     0x7ff633472ff7 - std::io::defaul
t_write_fmt
                                 at /rustc/d
ed5c06cf21d2b93bffd5d884aa6e96934ee4234/libr
ary\std\src\io\mod.rs:639
     7:     0x7ff633472ff7 - std::io::Write:
:write_fmt<std::sys::stdio::windows::Stderr>
                                 at /rustc/d
ed5c06cf21d2b93bffd5d884aa6e96934ee4234/libr
ary\std\src\io\mod.rs:1954
     8:     0x7ff6334834e5 - std::sys::backt
race::BacktraceLock::print
                                 at /rustc/d
ed5c06cf21d2b93bffd5d884aa6e96934ee4234/libr
ary\std\src\sys\backtrace.rs:42
     9:     0x7ff6334885e9 - std::panicking:
:default_hook::closure$0
                                 at /rustc/d
ed5c06cf21d2b93bffd5d884aa6e96934ee4234/libr
ary\std\src\panicking.rs:301
    10:     0x7ff6334883d8 - std::panicking:
:default_hook
                                 at /rustc/d
ed5c06cf21d2b93bffd5d884aa6e96934ee4234/libr
ary\std\src\panicking.rs:328
    11:     0x7ff633488dab - std::panicking:
:panic_with_hook
                                 at /rustc/d
ed5c06cf21d2b93bffd5d884aa6e96934ee4234/libr
ary\std\src\panicking.rs:834
    12:     0x7ff633488c39 - std::panicking:
:panic_handler::closure$0
                                 at /rustc/d
ed5c06cf21d2b93bffd5d884aa6e96934ee4234/libr
ary\std\src\panicking.rs:707
    13:     0x7ff6334836ef - std::sys::backt
race::__rust_end_short_backtrace<std::panick
ing::panic_handler::closure_env$0,never$>
                                 at /rustc/d
ed5c06cf21d2b93bffd5d884aa6e96934ee4234/libr
ary\std\src\sys\backtrace.rs:174
    14:     0x7ff63346f45e - std::panicking:
:panic_handler
                                 at /rustc/d
ed5c06cf21d2b93bffd5d884aa6e96934ee4234/libr
ary\std\src\panicking.rs:698
    15:     0x7ff6334ae291 - core::panicking
::panic_fmt
                                 at /rustc/d
ed5c06cf21d2b93bffd5d884aa6e96934ee4234/libr
ary\core\src\panicking.rs:80
    16:     0x7ff6334adb60 - core::result::u
nwrap_failed
                                 at /rustc/d
ed5c06cf21d2b93bffd5d884aa6e96934ee4234/libr
ary\core\src\result.rs:1862
    17:     0x7ff632d967fe - <core::iter::ad
apters::filter_map::FilterMap<I,F> as core::
iter::traits::iterator::Iterator>::size_hint
::he1ce0af8aa7284d0
    18:     0x7ff632d9aa1a - tauri_build::tr
y_build::hadb9767d075eb37d
    19:     0x7ff632d97ffd - tauri_build::bu
ild::h3d1835c031af2909
    20:     0x7ff632d95668 - build_script_bu
ild::main::h91858ba189296de1
    21:     0x7ff632d95966 - core::ops::func
tion::FnOnce::call_once::h7a5387d6c914b38f
    22:     0x7ff632d91059 - std::sys::backt
race::__rust_begin_short_backtrace::he2dbcec
000503ec5
    23:     0x7ff632d914cc - std::rt::lang_s
tart::{{closure}}::h236bfe7f6d5e2fa3
    24:     0x7ff633474305 - std::rt::lang_s
tart_internal::closure$0
                                 at /rustc/d
ed5c06cf21d2b93bffd5d884aa6e96934ee4234/libr
ary\std\src\rt.rs:175
    25:     0x7ff633474305 - std::panicking:
:catch_unwind::do_call
                                 at /rustc/d
ed5c06cf21d2b93bffd5d884aa6e96934ee4234/libr
ary\std\src\panicking.rs:590
    26:     0x7ff633474305 - std::panicking:
:catch_unwind
                                 at /rustc/d
ed5c06cf21d2b93bffd5d884aa6e96934ee4234/libr
ary\std\src\panicking.rs:553
    27:     0x7ff633474305 - std::panic::cat
ch_unwind
                                 at /rustc/d
ed5c06cf21d2b93bffd5d884aa6e96934ee4234/libr
ary\std\src\panic.rs:359
    28:     0x7ff633474305 - std::rt::lang_s
tart_internal
                                 at /rustc/d
ed5c06cf21d2b93bffd5d884aa6e96934ee4234/libr
ary\std\src\rt.rs:171
    29:     0x7ff632d914b7 - std::rt::lang_s
tart::h2ff6177de12cde59
    30:     0x7ff632d95689 - main
    31:     0x7ff6334aaf78 - invoke_main
                                 at D:\a\_wo
rk\1\s\src\vctools\crt\vcstartup\src\startup
\exe_common.inl:78
    32:     0x7ff6334aaf78 - __scrt_common_m
ain_seh
                                 at D:\a\_wo
rk\1\s\src\vctools\crt\vcstartup\src\startup
\exe_common.inl:288
    33:     0x7ff88ddb7374 - BaseThreadInitT
hunk
    34:     0x7ff88f9dcc91 - RtlUserThreadSt
art
